## tl_toneless_multi :: tsua
4|1|tsua|tsua|⌀
4|1|紙|tsuá|紙
4|2|珠仔|tsu-á|珠仔
## tl_toneless_long_reach :: taigikhipuann
13|1|taigikhipuann|taigikhipuann|⌀
13|4|台語齒盤|tâi-gí-khí-puânn|台語齒盤
3|1|台|tâi|台
5|2|台語|tâi-gí|台語
## tl_numeric_single :: tsua2
5|1|tsuá|tsuá|⌀
3|1|珠|tsu|珠
5|1|紙|tsuá|紙
## tl_numeric_multi :: tai5bak8
8|1|tai5bak8|tâiba̍k|⌀
4|1|台|tâi|台
8|2|代墨|tâi-ba̍k|代墨
## poj_diacritic :: tâi-uân
9|2|tâi-uân|tâi-uân|⌀
9|2|台灣|tâi-uân|台灣
4|1|台|tâi|台
## tps_no_inventory_match :: ㄉㄧㄠˊㄨㄢˊ
(no candidates)
## tps_partial_prefix_leading_initial :: ㄉ
3|1|台|tâi|台
## tps_standalone_syllable :: ㄨ
3|1|有|ū|有
## custom_dict :: taigi
5|1|taigi|taigi|⌀
5|2|台語|tâi-gí|台語
3|1|台|tâi|台
5|2|台語|tâi-gír|台語
## mixed :: iausi
5|1|iausi|iausi|⌀
5|2|iáu是|iáu-sī|iáu是
## tailo_no_hanji :: li
2|1|li|li|⌀
2|1|lí|lí|⌀
## user_freq_boosted :: tai
3|1|tai|tai|⌀
3|1|台|tâi|台
## all_oov_partial_prefix :: g
1|1|g|g|⌀
1|1|我|guá|我
## tl_prefix_extension_taigi :: taigi
5|1|taigi|taigi|⌀
5|2|台語|tâi-gí|台語
3|1|台|tâi|台
5|2|台語|tâi-gír|台語
## trailing_hyphen :: tai-
4|2|tai-|tai-|⌀
3|1|台|tâi|台
## case_sensitive :: TaiUan
6|1|TaiUan|TaiUan|⌀
6|2|台灣|Tâi-uân|台灣
3|1|台|Tâi|台
## headline_ranking :: taiuantaigi
11|1|taiuantaigi|taiuantaigi|⌀
11|4|臺灣台語|tâi-uân-tâi-gí|臺灣台語
3|1|台|tâi|台
6|2|台灣|tâi-uân|台灣
## source_filter_lkk_off :: taiuantaigi
11|1|taiuantaigi|taiuantaigi|⌀
11|4|tai uan tai gi|tai uan tai gi|⌀
## poj_ascii_choa :: choa
4|1|choa|choa|⌀
4|1|紙|chóa|紙
## poj_ascii_goa :: goa
3|1|goa|goa|⌀
3|1|我|góa|我
## poj_render_nn :: taigikhipoann
13|1|taigikhipoann|taigikhipoann|⌀
13|4|台語齒盤|tâi-gí-khí-pôaⁿ|台語齒盤
3|1|台|tâi|台
5|2|台語|tâi-gí|台語
## poj_post_render_dedupe :: taigikhipoann
13|1|taigikhipoann|taigikhipoann|⌀
13|4|台語齒盤|tâi-gí-khí-pôaⁿ|台語齒盤
3|1|台|tâi|台
5|2|台語|tâi-gí|台語
## long_oov_vs_dict :: taigilangkangtanlai
19|1|taigilangkangtanlai|taigilangkangtanlai|⌀
19|6|tâi-gí langkangtanlai|tâi-gí langkangtanlai|⌀
3|1|台|tâi|台
5|2|台語|tâi-gí|台語
## tps_notone_taigi :: ㄉㄞㆣㄧ
12|2|台語|tâi-gí|台語
6|1|台|tâi|台
## tps_continuous_taigikhipuann :: ㄉㄞㆣㄧㄎㄧㄅㄨㆩ
27|4|台語齒盤|tâi-gí-khí-puânn|台語齒盤
6|1|台|tâi|台
12|2|台語|tâi-gí|台語
## tps_notone_taiuan :: ㄉㄞㄨㄢ
12|2|台灣|tâi-uân|台灣
6|1|台|tâi|台
## tps_notone_taiuantaigi :: ㄉㄞㄨㄢㄉㄞㆣㄧ
24|4|臺灣台語|tâi-uân-tâi-gí|臺灣台語
6|1|台|tâi|台
12|2|台灣|tâi-uân|台灣
